---
source: src/pseudo_term/wezterm_action.rs
expression: view
---
" Cargo.lock      docs         LICENSE               test                    "
" Cargo.toml      examples     README.md             typescript              "
" CHANGELOG.md    flake.lock   rust-toolchain.toml   wezterm                 "
" cliff.toml      flake.nix    src                                            "
" commited.toml   justfile     target                                         "
"tui-term on  main [!?⇡] via ❄️ pure (tui-term-env)                             "
"❯                                                                               "
"                                                                                "
"                                                                                "
"                                                                                "
"                                                                                "
"                                                                                "
"                                                                                "
"                                                                                "
"                                                                                "
"                                                                                "
"                                                                                "
"                                                                                "
"                                                                                "
"                                                                                "
"                                                                                "
"                                                                                "
"                                                                                "
"                                                                                "

