---
source: src/widget.rs
expression: view
---
Buffer {
    area: Rect { x: 0, y: 0, width: 80, height: 24 },
    content: [
        "There are 64 color combinations                                                 ",
        "8x8 matrix of foreground/background colors, bright *off*                        ",
        "        black   red     green   yellow  blue    magenta cyan    white           ",
        "black   Hello   Hello   Hello   Hello   Hello   Hello   Hello   Hello           ",
        "red     Hello   Hello   Hello   Hello   Hello   Hello   Hello   Hello           ",
        "green   Hello   Hello   Hello   Hello   Hello   Hello   Hello   Hello           ",
        "yellow  Hello   Hello   Hello   Hello   Hello   Hello   Hello   Hello           ",
        "blue    Hello   Hello   Hello   Hello   Hello   Hello   Hello   Hello           ",
        "magenta Hello   Hello   Hello   Hello   Hello   Hello   Hello   Hello           ",
        "cyan    Hello   Hello   Hello   Hello   Hello   Hello   Hello   Hello           ",
        "white   Hello   Hello   Hello   Hello   Hello   Hello   Hello   Hello           ",
        "                                                                                ",
        "8x8 matrix of foreground/background colors, bright *on*                         ",
        "        black   red     green   yellow  blue    magenta cyan    white           ",
        "black   Hello   Hello   Hello   Hello   Hello   Hello   Hello   Hello           ",
        "red     Hello   Hello   Hello   Hello   Hello   Hello   Hello   Hello           ",
        "green   Hello   Hello   Hello   Hello   Hello   Hello   Hello   Hello           ",
        "yellow  Hello   Hello   Hello   Hello   Hello   Hello   Hello   Hello           ",
        "blue    Hello   Hello   Hello   Hello   Hello   Hello   Hello   Hello           ",
        "magenta Hello   Hello   Hello   Hello   Hello   Hello   Hello   Hello           ",
        "cyan    Hello   Hello   Hello   Hello   Hello   Hello   Hello   Hello           ",
        "white   Hello   Hello   Hello   Hello   Hello   Hello   Hello   Hello           ",
        "Push <RETURN>                                                                   ",
        "█                                                                               ",
    ],
    styles: [
        x: 0, y: 0, fg: Reset, bg: Reset, underline: Reset, modifier: NONE,
        x: 8, y: 3, fg: Indexed(0), bg: Indexed(0), underline: Reset, modifier: NONE,
        x: 13, y: 3, fg: Reset, bg: Reset, underline: Reset, modifier: NONE,
        x: 16, y: 3, fg: Indexed(1), bg: Indexed(0), underline: Reset, modifier: NONE,
        x: 21, y: 3, fg: Reset, bg: Reset, underline: Reset, modifier: NONE,
        x: 24, y: 3, fg: Indexed(2), bg: Indexed(0), underline: Reset, modifier: NONE,
        x: 29, y: 3, fg: Reset, bg: Reset, underline: Reset, modifier: NONE,
        x: 32, y: 3, fg: Indexed(3), bg: Indexed(0), underline: Reset, modifier: NONE,
        x: 37, y: 3, fg: Reset, bg: Reset, underline: Reset, modifier: NONE,
        x: 40, y: 3, fg: Indexed(4), bg: Indexed(0), underline: Reset, modifier: NONE,
        x: 45, y: 3, fg: Reset, bg: Reset, underline: Reset, modifier: NONE,
        x: 48, y: 3, fg: Indexed(5), bg: Indexed(0), underline: Reset, modifier: NONE,
        x: 53, y: 3, fg: Reset, bg: Reset, underline: Reset, modifier: NONE,
        x: 56, y: 3, fg: Indexed(6), bg: Indexed(0), underline: Reset, modifier: NONE,
        x: 61, y: 3, fg: Reset, bg: Reset, underline: Reset, modifier: NONE,
        x: 64, y: 3, fg: Indexed(7), bg: Indexed(0), underline: Reset, modifier: NONE,
        x: 69, y: 3, fg: Reset, bg: Reset, underline: Reset, modifier: NONE,
        x: 8, y: 4, fg: Indexed(0), bg: Indexed(1), underline: Reset, modifier: NONE,
        x: 13, y: 4, fg: Reset, bg: Reset, underline: Reset, modifier: NONE,
        x: 16, y: 4, fg: Indexed(1), bg: Indexed(1), underline: Reset, modifier: NONE,
        x: 21, y: 4, fg: Reset, bg: Reset, underline: Reset, modifier: NONE,
        x: 24, y: 4, fg: Indexed(2), bg: Indexed(1), underline: Reset, modifier: NONE,
        x: 29, y: 4, fg: Reset, bg: Reset, underline: Reset, modifier: NONE,
        x: 32, y: 4, fg: Indexed(3), bg: Indexed(1), underline: Reset, modifier: NONE,
        x: 37, y: 4, fg: Reset, bg: Reset, underline: Reset, modifier: NONE,
        x: 40, y: 4, fg: Indexed(4), bg: Indexed(1), underline: Reset, modifier: NONE,
        x: 45, y: 4, fg: Reset, bg: Reset, underline: Reset, modifier: NONE,
        x: 48, y: 4, fg: Indexed(5), bg: Indexed(1), underline: Reset, modifier: NONE,
        x: 53, y: 4, fg: Reset, bg: Reset, underline: Reset, modifier: NONE,
        x: 56, y: 4, fg: Indexed(6), bg: Indexed(1), underline: Reset, modifier: NONE,
        x: 61, y: 4, fg: Reset, bg: Reset, underline: Reset, modifier: NONE,
        x: 64, y: 4, fg: Indexed(7), bg: Indexed(1), underline: Reset, modifier: NONE,
        x: 69, y: 4, fg: Reset, bg: Reset, underline: Reset, modifier: NONE,
        x: 8, y: 5, fg: Indexed(0), bg: Indexed(2), underline: Reset, modifier: NONE,
        x: 13, y: 5, fg: Reset, bg: Reset, underline: Reset, modifier: NONE,
        x: 16, y: 5, fg: Indexed(1), bg: Indexed(2), underline: Reset, modifier: NONE,
        x: 21, y: 5, fg: Reset, bg: Reset, underline: Reset, modifier: NONE,
        x: 24, y: 5, fg: Indexed(2), bg: Indexed(2), underline: Reset, modifier: NONE,
        x: 29, y: 5, fg: Reset, bg: Reset, underline: Reset, modifier: NONE,
        x: 32, y: 5, fg: Indexed(3), bg: Indexed(2), underline: Reset, modifier: NONE,
        x: 37, y: 5, fg: Reset, bg: Reset, underline: Reset, modifier: NONE,
        x: 40, y: 5, fg: Indexed(4), bg: Indexed(2), underline: Reset, modifier: NONE,
        x: 45, y: 5, fg: Reset, bg: Reset, underline: Reset, modifier: NONE,
        x: 48, y: 5, fg: Indexed(5), bg: Indexed(2), underline: Reset, modifier: NONE,
        x: 53, y: 5, fg: Reset, bg: Reset, underline: Reset, modifier: NONE,
        x: 56, y: 5, fg: Indexed(6), bg: Indexed(2), underline: Reset, modifier: NONE,
        x: 61, y: 5, fg: Reset, bg: Reset, underline: Reset, modifier: NONE,
        x: 64, y: 5, fg: Indexed(7), bg: Indexed(2), underline: Reset, modifier: NONE,
        x: 69, y: 5, fg: Reset, bg: Reset, underline: Reset, modifier: NONE,
        x: 8, y: 6, fg: Indexed(0), bg: Indexed(3), underline: Reset, modifier: NONE,
        x: 13, y: 6, fg: Reset, bg: Reset, underline: Reset, modifier: NONE,
        x: 16, y: 6, fg: Indexed(1), bg: Indexed(3), underline: Reset, modifier: NONE,
        x: 21, y: 6, fg: Reset, bg: Reset, underline: Reset, modifier: NONE,
        x: 24, y: 6, fg: Indexed(2), bg: Indexed(3), underline: Reset, modifier: NONE,
        x: 29, y: 6, fg: Reset, bg: Reset, underline: Reset, modifier: NONE,
        x: 32, y: 6, fg: Indexed(3), bg: Indexed(3), underline: Reset, modifier: NONE,
        x: 37, y: 6, fg: Reset, bg: Reset, underline: Reset, modifier: NONE,
        x: 40, y: 6, fg: Indexed(4), bg: Indexed(3), underline: Reset, modifier: NONE,
        x: 45, y: 6, fg: Reset, bg: Reset, underline: Reset, modifier: NONE,
        x: 48, y: 6, fg: Indexed(5), bg: Indexed(3), underline: Reset, modifier: NONE,
        x: 53, y: 6, fg: Reset, bg: Reset, underline: Reset, modifier: NONE,
        x: 56, y: 6, fg: Indexed(6), bg: Indexed(3), underline: Reset, modifier: NONE,
        x: 61, y: 6, fg: Reset, bg: Reset, underline: Reset, modifier: NONE,
        x: 64, y: 6, fg: Indexed(7), bg: Indexed(3), underline: Reset, modifier: NONE,
        x: 69, y: 6, fg: Reset, bg: Reset, underline: Reset, modifier: NONE,
        x: 8, y: 7, fg: Indexed(0), bg: Indexed(4), underline: Reset, modifier: NONE,
        x: 13, y: 7, fg: Reset, bg: Reset, underline: Reset, modifier: NONE,
        x: 16, y: 7, fg: Indexed(1), bg: Indexed(4), underline: Reset, modifier: NONE,
        x: 21, y: 7, fg: Reset, bg: Reset, underline: Reset, modifier: NONE,
        x: 24, y: 7, fg: Indexed(2), bg: Indexed(4), underline: Reset, modifier: NONE,
        x: 29, y: 7, fg: Reset, bg: Reset, underline: Reset, modifier: NONE,
        x: 32, y: 7, fg: Indexed(3), bg: Indexed(4), underline: Reset, modifier: NONE,
        x: 37, y: 7, fg: Reset, bg: Reset, underline: Reset, modifier: NONE,
        x: 40, y: 7, fg: Indexed(4), bg: Indexed(4), underline: Reset, modifier: NONE,
        x: 45, y: 7, fg: Reset, bg: Reset, underline: Reset, modifier: NONE,
        x: 48, y: 7, fg: Indexed(5), bg: Indexed(4), underline: Reset, modifier: NONE,
        x: 53, y: 7, fg: Reset, bg: Reset, underline: Reset, modifier: NONE,
        x: 56, y: 7, fg: Indexed(6), bg: Indexed(4), underline: Reset, modifier: NONE,
        x: 61, y: 7, fg: Reset, bg: Reset, underline: Reset, modifier: NONE,
        x: 64, y: 7, fg: Indexed(7), bg: Indexed(4), underline: Reset, modifier: NONE,
        x: 69, y: 7, fg: Reset, bg: Reset, underline: Reset, modifier: NONE,
        x: 8, y: 8, fg: Indexed(0), bg: Indexed(5), underline: Reset, modifier: NONE,
        x: 13, y: 8, fg: Reset, bg: Reset, underline: Reset, modifier: NONE,
        x: 16, y: 8, fg: Indexed(1), bg: Indexed(5), underline: Reset, modifier: NONE,
        x: 21, y: 8, fg: Reset, bg: Reset, underline: Reset, modifier: NONE,
        x: 24, y: 8, fg: Indexed(2), bg: Indexed(5), underline: Reset, modifier: NONE,
        x: 29, y: 8, fg: Reset, bg: Reset, underline: Reset, modifier: NONE,
        x: 32, y: 8, fg: Indexed(3), bg: Indexed(5), underline: Reset, modifier: NONE,
        x: 37, y: 8, fg: Reset, bg: Reset, underline: Reset, modifier: NONE,
        x: 40, y: 8, fg: Indexed(4), bg: Indexed(5), underline: Reset, modifier: NONE,
        x: 45, y: 8, fg: Reset, bg: Reset, underline: Reset, modifier: NONE,
        x: 48, y: 8, fg: Indexed(5), bg: Indexed(5), underline: Reset, modifier: NONE,
        x: 53, y: 8, fg: Reset, bg: Reset, underline: Reset, modifier: NONE,
        x: 56, y: 8, fg: Indexed(6), bg: Indexed(5), underline: Reset, modifier: NONE,
        x: 61, y: 8, fg: Reset, bg: Reset, underline: Reset, modifier: NONE,
        x: 64, y: 8, fg: Indexed(7), bg: Indexed(5), underline: Reset, modifier: NONE,
        x: 69, y: 8, fg: Reset, bg: Reset, underline: Reset, modifier: NONE,
        x: 8, y: 9, fg: Indexed(0), bg: Indexed(6), underline: Reset, modifier: NONE,
        x: 13, y: 9, fg: Reset, bg: Reset, underline: Reset, modifier: NONE,
        x: 16, y: 9, fg: Indexed(1), bg: Indexed(6), underline: Reset, modifier: NONE,
        x: 21, y: 9, fg: Reset, bg: Reset, underline: Reset, modifier: NONE,
        x: 24, y: 9, fg: Indexed(2), bg: Indexed(6), underline: Reset, modifier: NONE,
        x: 29, y: 9, fg: Reset, bg: Reset, underline: Reset, modifier: NONE,
        x: 32, y: 9, fg: Indexed(3), bg: Indexed(6), underline: Reset, modifier: NONE,
        x: 37, y: 9, fg: Reset, bg: Reset, underline: Reset, modifier: NONE,
        x: 40, y: 9, fg: Indexed(4), bg: Indexed(6), underline: Reset, modifier: NONE,
        x: 45, y: 9, fg: Reset, bg: Reset, underline: Reset, modifier: NONE,
        x: 48, y: 9, fg: Indexed(5), bg: Indexed(6), underline: Reset, modifier: NONE,
        x: 53, y: 9, fg: Reset, bg: Reset, underline: Reset, modifier: NONE,
        x: 56, y: 9, fg: Indexed(6), bg: Indexed(6), underline: Reset, modifier: NONE,
        x: 61, y: 9, fg: Reset, bg: Reset, underline: Reset, modifier: NONE,
        x: 64, y: 9, fg: Indexed(7), bg: Indexed(6), underline: Reset, modifier: NONE,
        x: 69, y: 9, fg: Reset, bg: Reset, underline: Reset, modifier: NONE,
        x: 8, y: 10, fg: Indexed(0), bg: Indexed(7), underline: Reset, modifier: NONE,
        x: 13, y: 10, fg: Reset, bg: Reset, underline: Reset, modifier: NONE,
        x: 16, y: 10, fg: Indexed(1), bg: Indexed(7), underline: Reset, modifier: NONE,
        x: 21, y: 10, fg: Reset, bg: Reset, underline: Reset, modifier: NONE,
        x: 24, y: 10, fg: Indexed(2), bg: Indexed(7), underline: Reset, modifier: NONE,
        x: 29, y: 10, fg: Reset, bg: Reset, underline: Reset, modifier: NONE,
        x: 32, y: 10, fg: Indexed(3), bg: Indexed(7), underline: Reset, modifier: NONE,
        x: 37, y: 10, fg: Reset, bg: Reset, underline: Reset, modifier: NONE,
        x: 40, y: 10, fg: Indexed(4), bg: Indexed(7), underline: Reset, modifier: NONE,
        x: 45, y: 10, fg: Reset, bg: Reset, underline: Reset, modifier: NONE,
        x: 48, y: 10, fg: Indexed(5), bg: Indexed(7), underline: Reset, modifier: NONE,
        x: 53, y: 10, fg: Reset, bg: Reset, underline: Reset, modifier: NONE,
        x: 56, y: 10, fg: Indexed(6), bg: Indexed(7), underline: Reset, modifier: NONE,
        x: 61, y: 10, fg: Reset, bg: Reset, underline: Reset, modifier: NONE,
        x: 64, y: 10, fg: Indexed(7), bg: Indexed(7), underline: Reset, modifier: NONE,
        x: 69, y: 10, fg: Reset, bg: Reset, underline: Reset, modifier: NONE,
        x: 52, y: 12, fg: Reset, bg: Reset, underline: Reset, modifier: BOLD,
        x: 54, y: 12, fg: Reset, bg: Reset, underline: Reset, modifier: NONE,
        x: 8, y: 14, fg: Indexed(0), bg: Indexed(0), underline: Reset, modifier: BOLD,
        x: 13, y: 14, fg: Reset, bg: Reset, underline: Reset, modifier: NONE,
        x: 16, y: 14, fg: Indexed(1), bg: Indexed(0), underline: Reset, modifier: BOLD,
        x: 21, y: 14, fg: Reset, bg: Reset, underline: Reset, modifier: NONE,
        x: 24, y: 14, fg: Indexed(2), bg: Indexed(0), underline: Reset, modifier: BOLD,
        x: 29, y: 14, fg: Reset, bg: Reset, underline: Reset, modifier: NONE,
        x: 32, y: 14, fg: Indexed(3), bg: Indexed(0), underline: Reset, modifier: BOLD,
        x: 37, y: 14, fg: Reset, bg: Reset, underline: Reset, modifier: NONE,
        x: 40, y: 14, fg: Indexed(4), bg: Indexed(0), underline: Reset, modifier: BOLD,
        x: 45, y: 14, fg: Reset, bg: Reset, underline: Reset, modifier: NONE,
        x: 48, y: 14, fg: Indexed(5), bg: Indexed(0), underline: Reset, modifier: BOLD,
        x: 53, y: 14, fg: Reset, bg: Reset, underline: Reset, modifier: NONE,
        x: 56, y: 14, fg: Indexed(6), bg: Indexed(0), underline: Reset, modifier: BOLD,
        x: 61, y: 14, fg: Reset, bg: Reset, underline: Reset, modifier: NONE,
        x: 64, y: 14, fg: Indexed(7), bg: Indexed(0), underline: Reset, modifier: BOLD,
        x: 69, y: 14, fg: Reset, bg: Reset, underline: Reset, modifier: NONE,
        x: 8, y: 15, fg: Indexed(0), bg: Indexed(1), underline: Reset, modifier: BOLD,
        x: 13, y: 15, fg: Reset, bg: Reset, underline: Reset, modifier: NONE,
        x: 16, y: 15, fg: Indexed(1), bg: Indexed(1), underline: Reset, modifier: BOLD,
        x: 21, y: 15, fg: Reset, bg: Reset, underline: Reset, modifier: NONE,
        x: 24, y: 15, fg: Indexed(2), bg: Indexed(1), underline: Reset, modifier: BOLD,
        x: 29, y: 15, fg: Reset, bg: Reset, underline: Reset, modifier: NONE,
        x: 32, y: 15, fg: Indexed(3), bg: Indexed(1), underline: Reset, modifier: BOLD,
        x: 37, y: 15, fg: Reset, bg: Reset, underline: Reset, modifier: NONE,
        x: 40, y: 15, fg: Indexed(4), bg: Indexed(1), underline: Reset, modifier: BOLD,
        x: 45, y: 15, fg: Reset, bg: Reset, underline: Reset, modifier: NONE,
        x: 48, y: 15, fg: Indexed(5), bg: Indexed(1), underline: Reset, modifier: BOLD,
        x: 53, y: 15, fg: Reset, bg: Reset, underline: Reset, modifier: NONE,
        x: 56, y: 15, fg: Indexed(6), bg: Indexed(1), underline: Reset, modifier: BOLD,
        x: 61, y: 15, fg: Reset, bg: Reset, underline: Reset, modifier: NONE,
        x: 64, y: 15, fg: Indexed(7), bg: Indexed(1), underline: Reset, modifier: BOLD,
        x: 69, y: 15, fg: Reset, bg: Reset, underline: Reset, modifier: NONE,
        x: 8, y: 16, fg: Indexed(0), bg: Indexed(2), underline: Reset, modifier: BOLD,
        x: 13, y: 16, fg: Reset, bg: Reset, underline: Reset, modifier: NONE,
        x: 16, y: 16, fg: Indexed(1), bg: Indexed(2), underline: Reset, modifier: BOLD,
        x: 21, y: 16, fg: Reset, bg: Reset, underline: Reset, modifier: NONE,
        x: 24, y: 16, fg: Indexed(2), bg: Indexed(2), underline: Reset, modifier: BOLD,
        x: 29, y: 16, fg: Reset, bg: Reset, underline: Reset, modifier: NONE,
        x: 32, y: 16, fg: Indexed(3), bg: Indexed(2), underline: Reset, modifier: BOLD,
        x: 37, y: 16, fg: Reset, bg: Reset, underline: Reset, modifier: NONE,
        x: 40, y: 16, fg: Indexed(4), bg: Indexed(2), underline: Reset, modifier: BOLD,
        x: 45, y: 16, fg: Reset, bg: Reset, underline: Reset, modifier: NONE,
        x: 48, y: 16, fg: Indexed(5), bg: Indexed(2), underline: Reset, modifier: BOLD,
        x: 53, y: 16, fg: Reset, bg: Reset, underline: Reset, modifier: NONE,
        x: 56, y: 16, fg: Indexed(6), bg: Indexed(2), underline: Reset, modifier: BOLD,
        x: 61, y: 16, fg: Reset, bg: Reset, underline: Reset, modifier: NONE,
        x: 64, y: 16, fg: Indexed(7), bg: Indexed(2), underline: Reset, modifier: BOLD,
        x: 69, y: 16, fg: Reset, bg: Reset, underline: Reset, modifier: NONE,
        x: 8, y: 17, fg: Indexed(0), bg: Indexed(3), underline: Reset, modifier: BOLD,
        x: 13, y: 17, fg: Reset, bg: Reset, underline: Reset, modifier: NONE,
        x: 16, y: 17, fg: Indexed(1), bg: Indexed(3), underline: Reset, modifier: BOLD,
        x: 21, y: 17, fg: Reset, bg: Reset, underline: Reset, modifier: NONE,
        x: 24, y: 17, fg: Indexed(2), bg: Indexed(3), underline: Reset, modifier: BOLD,
        x: 29, y: 17, fg: Reset, bg: Reset, underline: Reset, modifier: NONE,
        x: 32, y: 17, fg: Indexed(3), bg: Indexed(3), underline: Reset, modifier: BOLD,
        x: 37, y: 17, fg: Reset, bg: Reset, underline: Reset, modifier: NONE,
        x: 40, y: 17, fg: Indexed(4), bg: Indexed(3), underline: Reset, modifier: BOLD,
        x: 45, y: 17, fg: Reset, bg: Reset, underline: Reset, modifier: NONE,
        x: 48, y: 17, fg: Indexed(5), bg: Indexed(3), underline: Reset, modifier: BOLD,
        x: 53, y: 17, fg: Reset, bg: Reset, underline: Reset, modifier: NONE,
        x: 56, y: 17, fg: Indexed(6), bg: Indexed(3), underline: Reset, modifier: BOLD,
        x: 61, y: 17, fg: Reset, bg: Reset, underline: Reset, modifier: NONE,
        x: 64, y: 17, fg: Indexed(7), bg: Indexed(3), underline: Reset, modifier: BOLD,
        x: 69, y: 17, fg: Reset, bg: Reset, underline: Reset, modifier: NONE,
        x: 8, y: 18, fg: Indexed(0), bg: Indexed(4), underline: Reset, modifier: BOLD,
        x: 13, y: 18, fg: Reset, bg: Reset, underline: Reset, modifier: NONE,
        x: 16, y: 18, fg: Indexed(1), bg: Indexed(4), underline: Reset, modifier: BOLD,
        x: 21, y: 18, fg: Reset, bg: Reset, underline: Reset, modifier: NONE,
        x: 24, y: 18, fg: Indexed(2), bg: Indexed(4), underline: Reset, modifier: BOLD,
        x: 29, y: 18, fg: Reset, bg: Reset, underline: Reset, modifier: NONE,
        x: 32, y: 18, fg: Indexed(3), bg: Indexed(4), underline: Reset, modifier: BOLD,
        x: 37, y: 18, fg: Reset, bg: Reset, underline: Reset, modifier: NONE,
        x: 40, y: 18, fg: Indexed(4), bg: Indexed(4), underline: Reset, modifier: BOLD,
        x: 45, y: 18, fg: Reset, bg: Reset, underline: Reset, modifier: NONE,
        x: 48, y: 18, fg: Indexed(5), bg: Indexed(4), underline: Reset, modifier: BOLD,
        x: 53, y: 18, fg: Reset, bg: Reset, underline: Reset, modifier: NONE,
        x: 56, y: 18, fg: Indexed(6), bg: Indexed(4), underline: Reset, modifier: BOLD,
        x: 61, y: 18, fg: Reset, bg: Reset, underline: Reset, modifier: NONE,
        x: 64, y: 18, fg: Indexed(7), bg: Indexed(4), underline: Reset, modifier: BOLD,
        x: 69, y: 18, fg: Reset, bg: Reset, underline: Reset, modifier: NONE,
        x: 8, y: 19, fg: Indexed(0), bg: Indexed(5), underline: Reset, modifier: BOLD,
        x: 13, y: 19, fg: Reset, bg: Reset, underline: Reset, modifier: NONE,
        x: 16, y: 19, fg: Indexed(1), bg: Indexed(5), underline: Reset, modifier: BOLD,
        x: 21, y: 19, fg: Reset, bg: Reset, underline: Reset, modifier: NONE,
        x: 24, y: 19, fg: Indexed(2), bg: Indexed(5), underline: Reset, modifier: BOLD,
        x: 29, y: 19, fg: Reset, bg: Reset, underline: Reset, modifier: NONE,
        x: 32, y: 19, fg: Indexed(3), bg: Indexed(5), underline: Reset, modifier: BOLD,
        x: 37, y: 19, fg: Reset, bg: Reset, underline: Reset, modifier: NONE,
        x: 40, y: 19, fg: Indexed(4), bg: Indexed(5), underline: Reset, modifier: BOLD,
        x: 45, y: 19, fg: Reset, bg: Reset, underline: Reset, modifier: NONE,
        x: 48, y: 19, fg: Indexed(5), bg: Indexed(5), underline: Reset, modifier: BOLD,
        x: 53, y: 19, fg: Reset, bg: Reset, underline: Reset, modifier: NONE,
        x: 56, y: 19, fg: Indexed(6), bg: Indexed(5), underline: Reset, modifier: BOLD,
        x: 61, y: 19, fg: Reset, bg: Reset, underline: Reset, modifier: NONE,
        x: 64, y: 19, fg: Indexed(7), bg: Indexed(5), underline: Reset, modifier: BOLD,
        x: 69, y: 19, fg: Reset, bg: Reset, underline: Reset, modifier: NONE,
        x: 8, y: 20, fg: Indexed(0), bg: Indexed(6), underline: Reset, modifier: BOLD,
        x: 13, y: 20, fg: Reset, bg: Reset, underline: Reset, modifier: NONE,
        x: 16, y: 20, fg: Indexed(1), bg: Indexed(6), underline: Reset, modifier: BOLD,
        x: 21, y: 20, fg: Reset, bg: Reset, underline: Reset, modifier: NONE,
        x: 24, y: 20, fg: Indexed(2), bg: Indexed(6), underline: Reset, modifier: BOLD,
        x: 29, y: 20, fg: Reset, bg: Reset, underline: Reset, modifier: NONE,
        x: 32, y: 20, fg: Indexed(3), bg: Indexed(6), underline: Reset, modifier: BOLD,
        x: 37, y: 20, fg: Reset, bg: Reset, underline: Reset, modifier: NONE,
        x: 40, y: 20, fg: Indexed(4), bg: Indexed(6), underline: Reset, modifier: BOLD,
        x: 45, y: 20, fg: Reset, bg: Reset, underline: Reset, modifier: NONE,
        x: 48, y: 20, fg: Indexed(5), bg: Indexed(6), underline: Reset, modifier: BOLD,
        x: 53, y: 20, fg: Reset, bg: Reset, underline: Reset, modifier: NONE,
        x: 56, y: 20, fg: Indexed(6), bg: Indexed(6), underline: Reset, modifier: BOLD,
        x: 61, y: 20, fg: Reset, bg: Reset, underline: Reset, modifier: NONE,
        x: 64, y: 20, fg: Indexed(7), bg: Indexed(6), underline: Reset, modifier: BOLD,
        x: 69, y: 20, fg: Reset, bg: Reset, underline: Reset, modifier: NONE,
        x: 8, y: 21, fg: Indexed(0), bg: Indexed(7), underline: Reset, modifier: BOLD,
        x: 13, y: 21, fg: Reset, bg: Reset, underline: Reset, modifier: NONE,
        x: 16, y: 21, fg: Indexed(1), bg: Indexed(7), underline: Reset, modifier: BOLD,
        x: 21, y: 21, fg: Reset, bg: Reset, underline: Reset, modifier: NONE,
        x: 24, y: 21, fg: Indexed(2), bg: Indexed(7), underline: Reset, modifier: BOLD,
        x: 29, y: 21, fg: Reset, bg: Reset, underline: Reset, modifier: NONE,
        x: 32, y: 21, fg: Indexed(3), bg: Indexed(7), underline: Reset, modifier: BOLD,
        x: 37, y: 21, fg: Reset, bg: Reset, underline: Reset, modifier: NONE,
        x: 40, y: 21, fg: Indexed(4), bg: Indexed(7), underline: Reset, modifier: BOLD,
        x: 45, y: 21, fg: Reset, bg: Reset, underline: Reset, modifier: NONE,
        x: 48, y: 21, fg: Indexed(5), bg: Indexed(7), underline: Reset, modifier: BOLD,
        x: 53, y: 21, fg: Reset, bg: Reset, underline: Reset, modifier: NONE,
        x: 56, y: 21, fg: Indexed(6), bg: Indexed(7), underline: Reset, modifier: BOLD,
        x: 61, y: 21, fg: Reset, bg: Reset, underline: Reset, modifier: NONE,
        x: 64, y: 21, fg: Indexed(7), bg: Indexed(7), underline: Reset, modifier: BOLD,
        x: 69, y: 21, fg: Reset, bg: Reset, underline: Reset, modifier: NONE,
        x: 0, y: 23, fg: Gray, bg: Reset, underline: Reset, modifier: NONE,
        x: 1, y: 23, fg: Reset, bg: Reset, underline: Reset, modifier: NONE,
    ]
}
