---
source: src/widget.rs
expression: view
---
Buffer {
    area: Rect { x: 0, y: 0, width: 80, height: 24 },
    content: [
        "                                                                                ",
        "*++++++++++++++++++++++++++++++++++++++++++++++++++++++++++++++++++++++++++++++*",
        "                                                                      *        *",
        "                                                                      *        *",
        "                                                                      *        *",
        "                                                                      *        *",
        "                                                                      *        *",
        "                                                                      *        *",
        "                                                                      *       +*",
        "                                                                                ",
        "                                    ared,  and have an unbroken bor-          +*",
        " The screen should be cleared,  and hader of *'s and +'s around the edge,   and ",
        "exactly in the                        middle  there should be a frame of E's aro",
        "und this  text                        with  one (1) free position around it.    ",
        "Push <RETURN>                                                                 +*",
        "                                                                              +*",
        "*                            ***************************************************",
        "********************************************************************************",
        "********************************************************************************",
        "*****************************************************                          *",
        "*                                                                              *",
        "*                                                                              *",
        "++++++++++++++++++++++++++++++++++++++++++++++++++++++++++++++++++++++++++++++ *",
        "                                                                                ",
    ],
    styles: [
        x: 0, y: 0, fg: Reset, bg: Reset, underline: Reset, modifier: NONE,
        x: 13, y: 14, fg: Reset, bg: Reset, underline: Reset, modifier: REVERSED,
        x: 14, y: 14, fg: Reset, bg: Reset, underline: Reset, modifier: NONE,
    ]
}
